[medash.netlify.app/html/hos-doctor-dash.html]
[backblue.gif]
[fade.gif]
[index.html]
[medash.netlify.app/assets/images/favicon.png]
[medash.netlify.app/assets/images/apple-touch-icon-57-precomposed.png]
[medash.netlify.app/assets/images/apple-touch-icon-114-precomposed.png]
[medash.netlify.app/assets/images/apple-touch-icon-72-precomposed.png]
[medash.netlify.app/assets/images/apple-touch-icon-144-precomposed.png]
[medash.netlify.app/assets/plugins/pace/pace-theme-flash.css]
[medash.netlify.app/assets/plugins/bootstrap/css/bootstrap.min.css]
[medash.netlify.app/assets/plugins/bootstrap/css/bootstrap-theme.min.css]
[medash.netlify.app/assets/fonts/font-awesome/css/font-awesome.css]
[medash.netlify.app/assets/fonts/webfont/cryptocoins.css]
[medash.netlify.app/assets/css/animate.min.css]
[medash.netlify.app/assets/plugins/perfect-scrollbar/perfect-scrollbar.css]
[medash.netlify.app/assets/css/style.css]
[medash.netlify.app/data/profile/avatar-1.png]
[medash.netlify.app/data/profile/avatar-2.png]
[medash.netlify.app/data/profile/avatar-3.png]
[medash.netlify.app/data/profile/avatar-4.png]
[medash.netlify.app/data/profile/avatar-5.png]
[medash.netlify.app/data/profile/profile.jpg]
[medash.netlify.app/html/hos-faq.html]
[medash.netlify.app/html/hos-doctor-profile.html]
[medash.netlify.app/html/hos-support.html]
[medash.netlify.app/html/ui-login.html]
[medash.netlify.app/html/index-hos-dashboard.html]
[medash.netlify.app/data/hos-dash/icons/1.png]
[medash.netlify.app/data/hos-dash/icons/3.png]
[medash.netlify.app/html/hos-patient-dash.html]
[medash.netlify.app/data/hos-dash/icons/4.png]
[medash.netlify.app/data/hos-dash/icons/2.png]
[medash.netlify.app/html/hos-all-doctors.html]
[medash.netlify.app/html/hos-add-doctor.html]
[medash.netlify.app/html/hos-edit-doctor.html]
[medash.netlify.app/data/hos-dash/icons/5.png]
[medash.netlify.app/html/hos-all-patients.html]
[medash.netlify.app/html/hos-add-patient.html]
[medash.netlify.app/html/hos-edit-patient.html]
[medash.netlify.app/html/hos-patient-profile.html]
[medash.netlify.app/data/hos-dash/icons/6.png]
[medash.netlify.app/html/hos-schedule.html]
[medash.netlify.app/html/hos-book-appointment.html]
[medash.netlify.app/data/hos-dash/icons/7.png]
[medash.netlify.app/html/hos-payment.html]
[medash.netlify.app/html/hos-add-payment.html]
[medash.netlify.app/html/hos-patient-invoice.html]
[medash.netlify.app/html/hos-events.html]
[medash.netlify.app/data/hos-dash/icons/9.png]
[medash.netlify.app/data/hos-dash/icons/10.png]
[medash.netlify.app/html/ui-register.html]
[medash.netlify.app/html/ui-404.html]
[medash.netlify.app/data/hos-dash/icons/11.png]
[medash.netlify.app/data/crypto-dash/icons/16.png]
[medash.netlify.app/html/charts-echart-line.html]
[medash.netlify.app/html/charts-echart-bar.html]
[medash.netlify.app/data/crypto-dash/icons/17.png]
[medash.netlify.app/html/charts-morris-line.html]
[medash.netlify.app/html/charts-morris-bar.html]
[medash.netlify.app/html/charts-morris-area.html]
[medash.netlify.app/html/charts-morris-pie.html]
[medash.netlify.app/data/crypto-dash/icons/18.png]
[medash.netlify.app/html/charts-chartjs-line.html]
[medash.netlify.app/html/charts-chartjs-bar.html]
[medash.netlify.app/html/charts-chartjs-pie-donut.html]
[medash.netlify.app/data/crypto-dash/icons/19.png]
[medash.netlify.app/html/charts-flot-area.html]
[medash.netlify.app/html/charts-flot-line.html]
[medash.netlify.app/data/crypto-dash/icons/20.png]
[medash.netlify.app/html/charts-sparkline-line.html]
[medash.netlify.app/html/charts-sparkline-bar.html]
[medash.netlify.app/html/charts-sparkline-composite.html]
[medash.netlify.app/data/crypto-dash/icons/13.png]
[medash.netlify.app/html/ui-timeline-centered.html]
[medash.netlify.app/html/ui-timeline-left.html]
[medash.netlify.app/html/ui-pricing-expanded.html]
[medash.netlify.app/html/ui-pricing-narrow.html]
[medash.netlify.app/html/ui-icons.html]
[medash.netlify.app/html/ui-fontawesome.html]
[medash.netlify.app/html/ui-glyphicons.html]
[medash.netlify.app/html/form-elements.html]
[medash.netlify.app/html/form-elements-premade.html]
[medash.netlify.app/html/form-elements-icheck.html]
[medash.netlify.app/html/form-elements-grid.html]
[medash.netlify.app/html/form-wizard.html]
[medash.netlify.app/data/crypto-dash/icons/14.png]
[medash.netlify.app/html/form-validation.html]
[medash.netlify.app/html/ui-tabs.html]
[medash.netlify.app/html/ui-accordion.html]
[medash.netlify.app/html/ui-progress.html]
[medash.netlify.app/html/ui-buttons.html]
[medash.netlify.app/html/ui-modals.html]
[medash.netlify.app/html/ui-alerts.html]
[medash.netlify.app/html/ui-notifications.html]
[medash.netlify.app/html/ui-popovers.html]
[medash.netlify.app/html/ui-tooltips.html]
[medash.netlify.app/html/ui-navbars.html]
[medash.netlify.app/html/ui-dropdowns.html]
[medash.netlify.app/html/ui-breadcrumbs.html]
[medash.netlify.app/html/ui-pagination.html]
[medash.netlify.app/html/ui-labels-badges.html]
[medash.netlify.app/data/crypto-dash/icons/15.png]
[medash.netlify.app/html/ui-typography.html]
[medash.netlify.app/html/ui-grids.html]
[medash.netlify.app/html/ui-panels.html]
[medash.netlify.app/html/ui-group-list.html]
[medash.netlify.app/data/hos-dash/doc1.jpg]
[medash.netlify.app/data/hos-dash/doc3.jpg]
[medash.netlify.app/data/hos-dash/badge.png]
[medash.netlify.app/data/hos-dash/speciality1.png]
[medash.netlify.app/data/hos-dash/speciality2.png]
[medash.netlify.app/assets/js/jquery.min.js]
[medash.netlify.app/assets/js/jquery.easing.min.js]
[medash.netlify.app/assets/plugins/bootstrap/js/bootstrap.min.js]
[medash.netlify.app/assets/plugins/pace/pace.min.js]
[medash.netlify.app/assets/plugins/perfect-scrollbar/perfect-scrollbar.min.js]
[medash.netlify.app/assets/plugins/viewport/viewportchecker.js]
[medash.netlify.app/assets/plugins/sparkline-chart/jquery.sparkline.min.js]
[medash.netlify.app/assets/plugins/chartjs-chart/Chart.min.js]
[medash.netlify.app/assets/js/chart-chartjs.js]
[medash.netlify.app/html/hos-doctor-dash.html]
[medash.netlify.app/assets/plugins/pace/pace-theme-flash.css]
[medash.netlify.app/assets/plugins/bootstrap/css/bootstrap.min.css]
[medash.netlify.app/assets/plugins/bootstrap/css/bootstrap-theme.min.css]
[medash.netlify.app/assets/fonts/font-awesome/css/font-awesome.css]
[medash.netlify.app/assets/js/scripts.js]
[medash.netlify.app/assets/fonts/webfont/cryptocoins.woff2]
[medash.netlify.app/assets/fonts/webfont/cryptocoins.woff]
[medash.netlify.app/assets/fonts/webfont/cryptocoins.ttf]
[medash.netlify.app/assets/fonts/webfont/cryptocoins.css]
[medash.netlify.app/assets/css/animate.min.css]
[medash.netlify.app/assets/plugins/perfect-scrollbar/perfect-scrollbar.css]
[medash.netlify.app/data/hos-dash/hos-header.jpg]
[medash.netlify.app/data/hos-dash/hos-promo.png]
[medash.netlify.app/assets/plugins/dropzone/images/custom-dropzone.png]
[medash.netlify.app/data/crypto-dash/login-bg.7e.delayed]
[medash.netlify.app/assets/images/login-logo.7f.delayed]
[medash.netlify.app/assets/images/intro.png]
[medash.netlify.app/data/res-dash/item1-bg.81.delayed]
[medash.netlify.app/data/res-dash/item2-bg.82.delayed]
[medash.netlify.app/data/res-dash/item3-bg.83.delayed]
[medash.netlify.app/data/res-dash/pattern.84.delayed]
[medash.netlify.app/assets/img/core-img/cards-bg.85.delayed]
[medash.netlify.app/data/res-dash/pattern2.86.delayed]
[medash.netlify.app/data/crypto-dash/dotted-bg.87.delayed]
[medash.netlify.app/data/crypto-dash/ref-bg1.88.delayed]
[medash.netlify.app/data/crypto-dash/ref-bg2.89.delayed]
[medash.netlify.app/data/crypto-dash/ref-bg3.8a.delayed]
[medash.netlify.app/assets/images/logo.png]
[medash.netlify.app/assets/images/logo-folded.png]
[medash.netlify.app/assets/css/style.css]
[medash.netlify.app/assets/css/responsive.css]
[medash.netlify.app/html/index-dashboard.8d.delayed]
[medash.netlify.app/html/hos-faq.html]
[medash.netlify.app/html/hos-doctor-profile.html]
[medash.netlify.app/assets/plugins/icheck/skins/all.css]
[medash.netlify.app/data/hos-dash/icons/i1.png]
[medash.netlify.app/data/hos-dash/icons/i2.png]
[medash.netlify.app/data/hos-dash/icons/i3.png]
[medash.netlify.app/data/hos-dash/icons/i4.png]
[medash.netlify.app/data/hos-dash/icons/i5.png]
[medash.netlify.app/data/hos-dash/icons/i6.png]
[medash.netlify.app/html/hos-support.html]
[medash.netlify.app/data/icons/padlock.png]
[medash.netlify.app/html/ui-login.html]
[medash.netlify.app/assets/plugins/jvectormap/jquery-jvectormap-2.0.1.css]
[medash.netlify.app/assets/plugins/calendar/fullcalendar.css]
[medash.netlify.app/assets/plugins/icheck/skins/minimal/minimal.css]
[medash.netlify.app/data/icons/hos-icon-so1.png]
[medash.netlify.app/data/icons/hos-icon-so2.png]
[medash.netlify.app/data/icons/hos-icon-so3.png]
[medash.netlify.app/data/icons/hos-icon-so4.png]
[medash.netlify.app/data/hos-dash/doc2.jpg]
[medash.netlify.app/data/hos-dash/smile.png]
[medash.netlify.app/data/hos-dash/sad.png]
[medash.netlify.app/assets/plugins/echarts/echarts-custom-for-dashboard.js]
[medash.netlify.app/assets/plugins/flot-chart/jquery.flot.js]
[medash.netlify.app/assets/plugins/flot-chart/jquery.flot.time.js]
[medash.netlify.app/assets/js/chart-flot.js]
[medash.netlify.app/html/index-hos-dashboard.html]
[medash.netlify.app/assets/js/dashboard-hos.js]
[medash.netlify.app/data/hos-dash/clock.png]
[medash.netlify.app/html/hos-patient-dash.html]
[medash.netlify.app/html/hos-staff-profile.a7.delayed]
[medash.netlify.app/html/hos-all-doctors.html]
[medash.netlify.app/html/index.a8.delayed]
[medash.netlify.app/html/hos-patients.a9.delayed]
[medash.netlify.app/html/hos-add-doctor.html]
[medash.netlify.app/html/hos-edit-doctor.html]
[medash.netlify.app/html/hos-all-patients.html]
[medash.netlify.app/html/hos-add-patient.html]
[medash.netlify.app/html/hos-edit-patient.html]
[medash.netlify.app/html/hos-patient-profile.html]
[medash.netlify.app/assets/plugins/calendar/moment.min.js]
[medash.netlify.app/assets/plugins/jquery-ui/smoothness/jquery-ui.min.js]
[medash.netlify.app/assets/plugins/calendar/fullcalendar.min.js]
[medash.netlify.app/assets/plugins/icheck/icheck.min.js]
[medash.netlify.app/html/hos-schedule.html]
[medash.netlify.app/html/hos-book-appointment.html]
[medash.netlify.app/data/calendars/hos-doc-schedule.js]
[medash.netlify.app/assets/plugins/datatables/css/jquery.dataTables.css]
[medash.netlify.app/assets/plugins/datatables/css/dataTables.tableTools.min.css]
[medash.netlify.app/assets/plugins/datatables/css/dataTables.responsive.css]
[medash.netlify.app/assets/plugins/datatables/css/dataTables.bootstrap.css]
[medash.netlify.app/assets/plugins/datatables/js/jquery.dataTables.min.js]
[medash.netlify.app/assets/plugins/datatables/js/dataTables.tableTools.min.js]
[medash.netlify.app/assets/plugins/datatables/js/dataTables.responsive.min.js]
[medash.netlify.app/html/hos-payment.html]
[medash.netlify.app/html/hos-add-payment.html]
[medash.netlify.app/html/hos-patient-invoice.html]
[medash.netlify.app/assets/plugins/datatables/js/dataTables.bootstrap.js]
[medash.netlify.app/html/ui-faq.html]
[medash.netlify.app/html/hos-events.html]
[medash.netlify.app/data/calendars/hos-events.js]
[medash.netlify.app/data/icons/signup.png]
[medash.netlify.app/html/ui-register.html]
[medash.netlify.app/html/ui-404.html]
[medash.netlify.app/assets/plugins/jquery-ui/smoothness/jquery-ui.min.css]
[medash.netlify.app/assets/plugins/icheck/skins/minimal/white.css]
[medash.netlify.app/assets/plugins/echarts/echarts-all.js]
[medash.netlify.app/html/charts-echart-line.html]
[medash.netlify.app/html/charts-echart-bar.html]
[medash.netlify.app/assets/js/chart-echarts.js]
[medash.netlify.app/assets/plugins/morris-chart/js/raphael-min.js]
[medash.netlify.app/assets/plugins/morris-chart/js/morris.min.js]
[medash.netlify.app/html/charts-morris-line.html]
[medash.netlify.app/html/charts-morris-bar.html]
[medash.netlify.app/html/charts-morris-area.html]
[medash.netlify.app/html/charts-morris-pie.html]
[medash.netlify.app/html/charts-chartjs-line.html]
[medash.netlify.app/html/charts-chartjs-bar.html]
[medash.netlify.app/html/charts-chartjs-pie-donut.html]
[medash.netlify.app/assets/js/chart-morris.js]
[medash.netlify.app/html/charts-flot-stacked.c1.delayed]
[medash.netlify.app/assets/plugins/flot-chart/jquery.flot.fillbetween.js]
[medash.netlify.app/assets/plugins/flot-chart/jquery.flot.navigate.js]
[medash.netlify.app/assets/plugins/flot-chart/jquery.flot.pie.js]
[medash.netlify.app/assets/plugins/flot-chart/jquery.flot.stack.js]
[medash.netlify.app/assets/plugins/flot-chart/jquery.flot.crosshair.js]
[medash.netlify.app/html/charts-flot-area.html]
[medash.netlify.app/html/charts-flot-line.html]
[medash.netlify.app/assets/plugins/flot-chart/jquery.flot.selection.js]
[medash.netlify.app/html/charts-sparkline-line.html]
[medash.netlify.app/html/charts-sparkline-bar.html]
[medash.netlify.app/html/charts-sparkline-composite.html]
[medash.netlify.app/html/ui-timeline-centered.html]
[medash.netlify.app/html/ui-timeline-left.html]
[medash.netlify.app/html/ui-pricing-expanded.html]
[medash.netlify.app/html/ui-pricing-narrow.html]
[medash.netlify.app/html/ui-icons.html]
[medash.netlify.app/html/ui-fontawesome.html]
[medash.netlify.app/html/ui-glyphicons.html]
[medash.netlify.app/assets/js/chart-sparkline.js]
[medash.netlify.app/html/form-elements.html]
[medash.netlify.app/html/form-elements-premade.html]
[medash.netlify.app/html/form-elements-icheck.html]
[medash.netlify.app/html/form-elements-grid.html]
[medash.netlify.app/assets/plugins/autosize/autosize.min.js]
[medash.netlify.app/assets/plugins/jquery-validation/js/jquery.validate.min.js]
[medash.netlify.app/assets/plugins/bootstrap-wizard/jquery.bootstrap.wizard.min.js]
[medash.netlify.app/html/form-wizard.html]
[medash.netlify.app/assets/js/form-validation.js]
[medash.netlify.app/html/form-validation.html]
[medash.netlify.app/html/ui-tabs.html]
[medash.netlify.app/html/ui-accordion.html]
[medash.netlify.app/html/ui-progress.html]
[medash.netlify.app/html/ui-buttons.html]
[medash.netlify.app/html/ui-modals.html]
[medash.netlify.app/html/ui-alerts.html]
[medash.netlify.app/assets/plugins/jquery-validation/js/additional-methods.min.js]
[medash.netlify.app/assets/plugins/messenger/css/messenger.css]
[medash.netlify.app/assets/plugins/messenger/css/messenger-theme-future.css]
[medash.netlify.app/assets/plugins/messenger/css/messenger-theme-flat.css]
[medash.netlify.app/assets/plugins/messenger/js/messenger.min.js]
[medash.netlify.app/assets/plugins/messenger/js/messenger-theme-future.js]
[medash.netlify.app/assets/js/messenger.js]
[medash.netlify.app/html/ui-notifications.html]
[medash.netlify.app/html/ui-tooltips.html]
[medash.netlify.app/html/ui-popovers.html]
[medash.netlify.app/html/ui-navbars.html]
[medash.netlify.app/html/ui-dropdowns.html]
[medash.netlify.app/html/ui-breadcrumbs.html]
[medash.netlify.app/html/ui-pagination.html]
[medash.netlify.app/html/ui-labels-badges.html]
[medash.netlify.app/html/ui-typography.html]
[medash.netlify.app/html/ui-grids.html]
[medash.netlify.app/html/ui-panels.html]
[medash.netlify.app/html/ui-group-list.html]
[medash.netlify.app/data/crypto-dash/login-bg.html]
[medash.netlify.app/assets/images/login-logo.html]
[medash.netlify.app/data/res-dash/item1-bg.html]
[medash.netlify.app/data/res-dash/item2-bg.html]
[medash.netlify.app/data/res-dash/item3-bg.html]
[medash.netlify.app/data/res-dash/pattern.html]
[medash.netlify.app/assets/img/core-img/cards-bg.html]
[medash.netlify.app/data/res-dash/pattern2.html]
[medash.netlify.app/data/crypto-dash/dotted-bg.html]
[medash.netlify.app/data/crypto-dash/ref-bg1.html]
[medash.netlify.app/data/crypto-dash/ref-bg2.html]
[medash.netlify.app/data/crypto-dash/ref-bg3.html]
[medash.netlify.app/html/index-dashboard.html]
[medash.netlify.app/assets/plugins/icheck/skins/minimal/_all.css]
[medash.netlify.app/assets/plugins/icheck/skins/square/_all.css]
[medash.netlify.app/assets/plugins/icheck/skins/flat/_all.css]
[medash.netlify.app/assets/plugins/icheck/skins/all.css]
[medash.netlify.app/assets/plugins/jvectormap/jquery-jvectormap-2.0.1.css]
[medash.netlify.app/assets/plugins/morris-chart/css/morris.css]
[medash.netlify.app/assets/plugins/calendar/fullcalendar.css]
[medash.netlify.app/assets/plugins/icheck/skins/line/_all.css]
[medash.netlify.app/assets/plugins/icheck/skins/minimal/minimal.png]
[medash.netlify.app/assets/plugins/icheck/skins/minimal/minimal@2x.png]
[medash.netlify.app/assets/plugins/icheck/skins/minimal/minimal.css]
[medash.netlify.app/html/hos-staff-profile.html]
[medash.netlify.app/html/index.html]
[medash.netlify.app/html/hos-patients.html]
[medash.netlify.app/assets/plugins/datatables/images/sort_both.da.delayed]
[medash.netlify.app/assets/plugins/datatables/images/sort_asc.db.delayed]
[medash.netlify.app/assets/plugins/datatables/images/sort_desc.dc.delayed]
[medash.netlify.app/assets/plugins/datatables/images/sort_asc_disabled.dd.delayed]
[medash.netlify.app/assets/plugins/datatables/images/sort_desc_disabled.de.delayed]
[medash.netlify.app/assets/plugins/datatables/css/jquery.dataTables.css]
[medash.netlify.app/assets/plugins/datatables/images/collection.df.delayed]
[medash.netlify.app/assets/plugins/datatables/images/collection_hover.e0.delayed]
[medash.netlify.app/assets/plugins/datatables/images/background.e1.delayed]
[medash.netlify.app/assets/plugins/datatables/css/dataTables.tableTools.min.css]
[medash.netlify.app/assets/plugins/datatables/css/dataTables.responsive.css]
[medash.netlify.app/assets/plugins/datatables/css/dataTables.bootstrap.css]
[medash.netlify.app/html/ui-faq.html]
[medash.netlify.app/assets/plugins/jquery-ui/smoothness/images/ui-bg_highlight-soft_75_cccccc_1x100.png]
[medash.netlify.app/assets/plugins/jquery-ui/smoothness/images/ui-bg_glass_75_e6e6e6_1x400.png]
[medash.netlify.app/assets/plugins/jquery-ui/smoothness/images/ui-bg_glass_75_dadada_1x400.png]
[medash.netlify.app/assets/plugins/jquery-ui/smoothness/images/ui-bg_glass_65_ffffff_1x400.png]
[medash.netlify.app/assets/plugins/jquery-ui/smoothness/images/ui-bg_glass_55_fbf9ee_1x400.png]
[medash.netlify.app/assets/plugins/jquery-ui/smoothness/images/ui-bg_glass_95_fef1ec_1x400.png]
[medash.netlify.app/assets/plugins/jquery-ui/smoothness/images/ui-icons_222222_256x240.png]
[medash.netlify.app/assets/plugins/jquery-ui/smoothness/images/ui-icons_888888_256x240.png]
[medash.netlify.app/assets/plugins/jquery-ui/smoothness/images/ui-icons_454545_256x240.png]
[medash.netlify.app/assets/plugins/jquery-ui/smoothness/images/ui-icons_2e83ff_256x240.png]
[medash.netlify.app/assets/plugins/jquery-ui/smoothness/images/ui-icons_cd0a0a_256x240.png]
[medash.netlify.app/assets/plugins/jquery-ui/smoothness/jquery-ui.min.css]
[medash.netlify.app/assets/plugins/icheck/skins/minimal/white.png]
[medash.netlify.app/assets/plugins/icheck/skins/minimal/white@2x.png]
[medash.netlify.app/assets/plugins/icheck/skins/minimal/white.css]
[medash.netlify.app/html/charts-flot-stacked.html]
[medash.netlify.app/assets/plugins/messenger/css/messenger.css]
[medash.netlify.app/assets/plugins/messenger/css/messenger-theme-future.css]
[medash.netlify.app/assets/plugins/messenger/css/messenger-theme-flat.css]
[medash.netlify.app/assets/plugins/icheck/skins/minimal/red.png]
[medash.netlify.app/assets/plugins/icheck/skins/minimal/red@2x.png]
[medash.netlify.app/assets/plugins/icheck/skins/minimal/green.png]
[medash.netlify.app/assets/plugins/icheck/skins/minimal/green@2x.png]
[medash.netlify.app/assets/plugins/icheck/skins/minimal/blue.png]
[medash.netlify.app/assets/plugins/icheck/skins/minimal/blue@2x.png]
[medash.netlify.app/assets/plugins/icheck/skins/minimal/aero.png]
[medash.netlify.app/assets/plugins/icheck/skins/minimal/aero@2x.png]
[medash.netlify.app/assets/plugins/icheck/skins/minimal/grey.png]
[medash.netlify.app/assets/plugins/icheck/skins/minimal/grey@2x.png]
[medash.netlify.app/assets/plugins/icheck/skins/minimal/orange.png]
[medash.netlify.app/assets/plugins/icheck/skins/minimal/orange@2x.png]
[medash.netlify.app/assets/plugins/icheck/skins/minimal/yellow.png]
[medash.netlify.app/assets/plugins/icheck/skins/minimal/yellow@2x.png]
[medash.netlify.app/assets/plugins/icheck/skins/minimal/pink.png]
[medash.netlify.app/assets/plugins/icheck/skins/minimal/pink@2x.png]
[medash.netlify.app/assets/plugins/icheck/skins/minimal/purple.png]
[medash.netlify.app/assets/plugins/icheck/skins/minimal/purple@2x.png]
[medash.netlify.app/assets/plugins/icheck/skins/minimal/_all.css]
[medash.netlify.app/assets/plugins/icheck/skins/square/square.png]
[medash.netlify.app/assets/plugins/icheck/skins/square/square@2x.png]
[medash.netlify.app/assets/plugins/icheck/skins/square/red.png]
[medash.netlify.app/assets/plugins/icheck/skins/square/red@2x.png]
[medash.netlify.app/assets/plugins/icheck/skins/square/green.png]
[medash.netlify.app/assets/plugins/icheck/skins/square/green@2x.png]
[medash.netlify.app/assets/plugins/icheck/skins/square/blue.png]
[medash.netlify.app/assets/plugins/icheck/skins/square/blue@2x.png]
[medash.netlify.app/assets/plugins/icheck/skins/square/aero.png]
[medash.netlify.app/assets/plugins/icheck/skins/square/aero@2x.png]
[medash.netlify.app/assets/plugins/icheck/skins/square/grey.png]
[medash.netlify.app/assets/plugins/icheck/skins/square/grey@2x.png]
[medash.netlify.app/assets/plugins/icheck/skins/square/white.png]
[medash.netlify.app/assets/plugins/icheck/skins/square/white@2x.png]
[medash.netlify.app/assets/plugins/icheck/skins/square/orange.png]
[medash.netlify.app/assets/plugins/icheck/skins/square/orange@2x.png]
[medash.netlify.app/assets/plugins/icheck/skins/square/yellow.png]
[medash.netlify.app/assets/plugins/icheck/skins/square/yellow@2x.png]
[medash.netlify.app/assets/plugins/icheck/skins/square/pink.png]
[medash.netlify.app/assets/plugins/icheck/skins/square/pink@2x.png]
[medash.netlify.app/assets/plugins/icheck/skins/square/purple.png]
[medash.netlify.app/assets/plugins/icheck/skins/square/purple@2x.png]
[medash.netlify.app/assets/plugins/icheck/skins/square/_all.css]
[medash.netlify.app/assets/plugins/icheck/skins/flat/flat.png]
[medash.netlify.app/assets/plugins/icheck/skins/flat/flat@2x.png]
[medash.netlify.app/assets/plugins/icheck/skins/flat/red.png]
[medash.netlify.app/assets/plugins/icheck/skins/flat/red@2x.png]
[medash.netlify.app/assets/plugins/icheck/skins/flat/green.png]
[medash.netlify.app/assets/plugins/icheck/skins/flat/green@2x.png]
[medash.netlify.app/assets/plugins/icheck/skins/flat/blue.png]
[medash.netlify.app/assets/plugins/icheck/skins/flat/blue@2x.png]
[medash.netlify.app/assets/plugins/icheck/skins/flat/aero.png]
[medash.netlify.app/assets/plugins/icheck/skins/flat/aero@2x.png]
[medash.netlify.app/assets/plugins/icheck/skins/flat/grey.png]
[medash.netlify.app/assets/plugins/icheck/skins/flat/grey@2x.png]
[medash.netlify.app/assets/plugins/icheck/skins/flat/orange.png]
[medash.netlify.app/assets/plugins/icheck/skins/flat/orange@2x.png]
[medash.netlify.app/assets/plugins/icheck/skins/flat/yellow.png]
[medash.netlify.app/assets/plugins/icheck/skins/flat/yellow@2x.png]
[medash.netlify.app/assets/plugins/icheck/skins/flat/pink.png]
[medash.netlify.app/assets/plugins/icheck/skins/flat/pink@2x.png]
[medash.netlify.app/assets/plugins/icheck/skins/flat/purple.png]
[medash.netlify.app/assets/plugins/icheck/skins/flat/purple@2x.png]
[medash.netlify.app/assets/plugins/icheck/skins/flat/_all.css]
[medash.netlify.app/assets/plugins/icheck/skins/line/line.png]
[medash.netlify.app/assets/plugins/icheck/skins/line/line@2x.png]
[medash.netlify.app/assets/plugins/icheck/skins/line/_all.css]
[medash.netlify.app/assets/plugins/datatables/images/sort_both.html]
[medash.netlify.app/assets/plugins/datatables/images/sort_asc.html]
[medash.netlify.app/assets/plugins/datatables/images/sort_desc.html]
[medash.netlify.app/assets/plugins/datatables/images/sort_asc_disabled.html]
[medash.netlify.app/assets/plugins/datatables/images/sort_desc_disabled.html]
[medash.netlify.app/assets/plugins/datatables/images/collection.html]
[medash.netlify.app/assets/plugins/datatables/images/collection_hover.html]
[medash.netlify.app/assets/plugins/datatables/images/background.html]
